// Jest Snapshot v1, https://goo.gl/fbAQLP

exports[`User (e2e) Should create a user 1`] = `undefined`;

exports[`User (e2e) Should return a user 1`] = `
Object {
  "birthDate": "1999-06-26T00:00:00.000Z",
  "documentNo": "44744675822",
  "email": "gustavo.vallerp@hotmail.com",
  "id": "62f5b071f6d8335216f12df2",
  "isActive": true,
  "name": "Gusta",
}
`;

exports[`User (e2e) Should return all users 1`] = `
Object {
  "users": Array [],
}
`;
